<html>
<body>
<h2>New positions</h2>
<table border=1 frame=void rules=rows,columns>
    <tr><th>Company name</th><th>ticker</th><th>#shares</th><th>weight(%)</th></tr>
    <tr><td>Skoda</td><td>SK</td><td>1.11</td><td>123</td></tr>
    <tr><td>Volkswagen</td><td>VW</td><td>-5</td><td>17</td></tr>
</table>
<h2>Increased positions</h2>
<h2>Reduced positions</h2>
</body>
</html>
